
> posthog.com@1.0.0 pages:build /app
> pnpm dlx @cloudflare/next-on-pages@1

⚡️ @cloudflare/next-on-pages CLI v.1.13.16
⚡️ Detected Package Manager: pnpm (10.23.0)
⚡️ Preparing project...
⚡️ Project is ready
⚡️ Building project...
▲  Vercel CLI 58.0.0 (Node.js 22.22.1)
▲  WARNING! Build not running on Vercel. System environment variables will not be available.
▲  Detected `pnpm-lock.yaml` 9 which may be generated by pnpm@9.x or pnpm@10.x
▲  Using pnpm@9.x based on project creation date
▲  To use pnpm@10.x, manually opt in using corepack (https://vercel.com/docs/deployments/configure-a-build#corepack)
▲  WARNING: You should not upload the `.next` directory.
▲  Installing dependencies...
▲  Lockfile is up to date, resolution step is skipped
▲  Progress: resolved 0, reused 1, downloaded 0, added 0
▲  Progress: resolved 0, reused 6, downloaded 0, added 0
▲  Progress: resolved 0, reused 25, downloaded 0, added 0
▲  Progress: resolved 0, reused 28, downloaded 0, added 0
▲  Packages: -106
▲  --------------------------------------------------------------------------------
▲  Progress: resolved 0, reused 65, downloaded 0, added 0
▲  Progress: resolved 0, reused 83, downloaded 0, added 0
▲  Progress: resolved 0, reused 89, downloaded 0, added 0, done
▲  ╭ Warning ─────────────────────────────────────────────────────────────────────╮
▲  │                                                                              │
▲  │   Ignored build scripts: workerd.                                            │
▲  │   Run "pnpm approve-builds" to pick which dependencies should be allowed     │
▲  │   to run scripts.                                                            │
▲  │                                                                              │
▲  ╰──────────────────────────────────────────────────────────────────────────────╯
▲  . postinstall$ node scripts/patch-radix.js
▲  . postinstall: Patched react-compose-refs at: /app/node_modules/@inkeep/cxkit-primitives/node_modules/@radix-ui/react-arrow/node_modules/@radix-ui/react-compose-refs/dist
▲  . postinstall: Patched react-compose-refs at: /app/node_modules/@inkeep/cxkit-primitives/node_modules/@radix-ui/react-avatar/node_modules/@radix-ui/react-compose-refs/dist
▲  . postinstall: Patched react-compose-refs at: /app/node_modules/@inkeep/cxkit-primitives/node_modules/@radix-ui/react-checkbox/node_modules/@radix-ui/react-compose-refs/dist
▲  . postinstall: Patched react-compose-refs at: /app/node_modules/@inkeep/cxkit-primitives/node_modules/@radix-ui/react-popover/node_modules/@radix-ui/react-compose-refs/dist
▲  . postinstall: Patched react-compose-refs at: /app/node_modules/@inkeep/cxkit-primitives/node_modules/@radix-ui/react-scroll-area/node_modules/@radix-ui/react-compose-refs/dist
▲  . postinstall: Patched react-compose-refs at: /app/node_modules/@inkeep/cxkit-primitives/node_modules/@radix-ui/react-tooltip/node_modules/@radix-ui/react-compose-refs/dist
▲  . postinstall: Patched react-compose-refs at: /app/node_modules/@inkeep/cxkit-primitives/node_modules/@radix-ui/react-visually-hidden/node_modules/@radix-ui/react-compose-refs/dist
▲  . postinstall: Patched react-compose-refs at: /app/node_modules/@radix-ui/react-compose-refs/dist
▲  . postinstall: Total react-compose-refs packages patched in /app/node_modules: 8
▲  . postinstall: Done
▲  Done in 17.4s using pnpm v10.23.0
▲  Detected Next.js version: 14.2.35
▲  Running "pnpm run build"
▲  > posthog.com@1.0.0 build /app
▲  > next build
▲  ▲ Next.js 14.2.35
▲
▲  Creating an optimized production build ...
▲  ⚠ You are using an experimental edge runtime, the API might change.
▲  ✓ Compiled successfully
▲  Skipping validation of types
▲  Skipping linting
▲  Collecting page data ...
▲  ⚠ Using edge runtime on a page currently disables static generation for that page
▲  Generating static pages (0/79) ...
▲  Generating static pages (19/79)
▲  Generating static pages (39/79)
▲  Generating static pages (59/79)
▲  ✓ Generating static pages (79/79)
▲  Finalizing page optimization ...
▲  Collecting build traces ...
▲
▲  Route (app)                                Size     First Load JS
▲  ┌ ○ /                                      74.8 kB        1.78 MB
▲  ├ ○ /_not-found                            880 B            92 kB
▲  ├ ƒ /api/forum/posts                       0 B                0 B
▲  ├ ƒ /api/forum/topics                      0 B                0 B
▲  └ ƒ /api/forum/topics/active               0 B                0 B
▲  + First Load JS shared by all              91.1 kB
▲  ├ chunks/2117-f376b36601687b8e.js        31.9 kB
▲  ├ chunks/fd9d1056-706f0a8bb22df62d.js    53.6 kB
▲  └ other shared chunks (total)            5.55 kB
▲
▲  Route (pages)                              Size     First Load JS
▲  ┌   /_app                                  0 B            1.73 MB
▲  ├ ○ /[...slug]                             21.8 kB        1.75 MB
▲  ├ ○ /101 (1724 ms)                         1.66 kB        1.74 MB
▲  ├ ○ /404 (1700 ms)                         267 B          1.73 MB
▲  ├ ○ /about                                 8.29 kB        1.74 MB
▲  ├ ○ /activity (1712 ms)                    2.14 kB        1.73 MB
▲  ├ ○ /ai                                    25.5 kB        1.75 MB
▲  ├ ○ /art-library                           2.48 kB        1.74 MB
▲  ├ ○ /baa                                   6.61 kB        1.74 MB
▲  ├ ○ /blog                                  296 B          1.73 MB
▲  ├ ○ /bookmarks                             1.39 kB        1.75 MB
▲  ├ ○ /changelog-video                       467 B          1.73 MB
▲  ├ ○ /chapters                              1.4 kB         1.73 MB
▲  ├ ○ /code/download                         1.8 kB         1.73 MB
▲  ├ ○ /code/open                             879 B          1.73 MB
▲  ├ ○ /community (1459 ms)                   11.9 kB        1.75 MB
▲  ├ ○ /community/achievements                1.51 kB        1.73 MB
▲  ├ ○ /community/dashboard                   1.12 kB        1.73 MB
▲  ├ ○ /community/directory                   4.16 kB        1.73 MB
▲  ├ ○ /community/latest                      549 B          1.73 MB
▲  ├ ○ /community/notifications               1.52 kB        1.73 MB
▲  ├ ○ /community/profile/edit                5.6 kB         1.73 MB
▲  ├ ○ /community/profiles/[id]               15.7 kB        1.75 MB
▲  ├ ○ /community/profiles/me                 832 B          1.73 MB
▲  ├ ○ /community/reputation                  764 B          1.73 MB
▲  ├ ○ /cool-tech-jobs                        11.6 kB        1.75 MB
▲  ├ ○ /customers                             1.73 kB        1.73 MB
▲  ├ ○ /desktop (510 ms)                      24 kB          1.75 MB
▲  ├ ○ /dpa                                   14.7 kB        1.74 MB
▲  ├ ○ /event-comparison                      1.8 kB         1.73 MB
▲  ├ ○ /events                                13.7 kB        1.76 MB
▲  ├ ○ /events-feedback-form                  495 B          1.73 MB
▲  ├ ○ /feature-matrix                        1.58 kB        1.73 MB
▲  ├ ○ /forum                                 279 B          1.73 MB
▲  ├ ○ /handbook                              1.51 kB        1.73 MB
▲  ├ ○ /hogwatch                              5.8 kB         1.73 MB
▲  ├ ○ /image-annotator                       6.3 kB         1.74 MB
▲  ├ ○ /kbd                                   1.38 kB        1.73 MB
▲  ├ ○ /ko                                    37.3 kB        1.77 MB
▲  ├ ○ /login                                 412 B          1.73 MB
▲  ├ ○ /media                                 647 B          1.73 MB
▲  ├ ○ /newsletter-fbc                        2.33 kB        1.73 MB
▲  ├ ○ /notebooks                             2.81 kB        1.73 MB
▲  ├ ○ /paint                                 9.03 kB        1.75 MB
▲  ├ ○ /partnerships                          2.02 kB        1.73 MB
▲  ├ ○ /photobooth                            7.91 kB        1.74 MB
▲  ├ ○ /places                                10.8 kB        1.75 MB
▲  ├ ○ /posthug (487 ms)                      25.4 kB        1.75 MB
▲  ├ ƒ /posts/[slug]                          884 B          1.73 MB
▲  ├ ƒ /posts/[slug]/edit                     653 B          1.73 MB
▲  ├ ƒ /posts/new                             610 B          1.73 MB
▲  ├ ○ /privacy                               20.3 kB        1.75 MB
▲  ├ ○ /profiles                              2.13 kB        1.73 MB
▲  ├ ○ /questions                             276 B          1.73 MB
▲  ├ ○ /questions/[permalink]                 342 B          1.73 MB
▲  ├ ○ /questions/subscriptions               241 B          1.73 MB
▲  ├ ○ /questions/topic/{SqueakTopic.slug}    251 B          1.73 MB
▲  ├ ○ /questions/topic/max                   1.18 kB        1.73 MB
▲  ├ ○ /r/ai-observability                    5.32 kB        1.74 MB
▲  ├ ○ /r/error-tracking                      3.79 kB        1.74 MB
▲  ├ ○ /r/posthog-mcp                         4.14 kB        1.74 MB
▲  ├ ○ /r/product-analytics                   7.17 kB        1.74 MB
▲  ├ ○ /r/session-replay                      5.6 kB         1.74 MB
▲  ├ ○ /reset-password                        1.05 kB        1.73 MB
▲  ├ ○ /self-driving                          14.1 kB        1.74 MB
▲  ├ ○ /services                              4.51 kB        1.73 MB
▲  ├ ○ /signup                                410 B          1.73 MB
▲  ├ ○ /slack-invite                          661 B          1.73 MB
▲  ├ ○ /sparks-joy                            3.12 kB        1.74 MB
▲  ├ ○ /sparks-joy/brickhog                   2.19 kB        1.74 MB
▲  ├ ○ /sparks-joy/dictator-or-tech-bro       2.2 kB         1.74 MB
▲  ├ ○ /sparks-joy/hedgehog-mode              2.19 kB        1.74 MB
▲  ├ ○ /sparks-joy/hogpatch                   2.2 kB         1.74 MB
▲  ├ ○ /sparks-joy/hogwars                    2.18 kB        1.74 MB
▲  ├ ○ /start                                 970 B          1.74 MB
▲  ├ ○ /subprocessors                         3.48 kB        1.73 MB
▲  ├ ○ /team-directory                        4.34 kB        1.73 MB
▲  ├ ○ /team-updates                          1.36 kB        1.73 MB
▲  ├ ○ /terms                                 22.8 kB        1.75 MB
▲  ├ ○ /why                                   2.16 kB        1.74 MB
▲  └ ○ /wizard                                239 B          1.73 MB
▲  + First Load JS shared by all              1.8 MB
▲  ├ chunks/framework-9ea2c0d7058eda25.js   66.2 kB
▲  ├ chunks/main-75344fa753e2ca60.js        34.2 kB
▲  ├ chunks/pages/_app-47926e544cd5e768.js  1.62 MB
▲  ├ css/13e29b67a5fd9a18.css               71 kB
▲  └ other shared chunks (total)            5.33 kB
▲  ○  (Static)   prerendered as static content
▲  ƒ  (Dynamic)  server-rendered on demand
▲  Traced Next.js server files in: 101.384ms
▲  Created all serverless functions in: 3.968s
▲  Collected static files (public/, static/, .next/static): 57.991ms
▲  Build Completed in .vercel/output [4m]
⚡️ Completed `pnpm dlx vercel build`.
▲ [WARNING] Duplicate key "sdks" in object literal [duplicate-object-key]

    <stdin>:62:81178:
      62 │ ...,uncategorized:h.IconEllipsis,sdks:({className:e="",...t})=>(0,...
         ╵                                  ~~~~

  The original key "sdks" is here:

    <stdin>:62:81009:
      62 │ ...roduct analytics":h.IconGraph,sdks:h.IconBox,security:h.IconPri...
         ╵                                  ~~~~

▲ [WARNING] Duplicate key "type" in object literal [duplicate-object-key]

    <stdin>:740:8968:
      740 │ ...,onClick:()=>P(!1),active:!L,type:"button"})}),(0,s.jsx)("li",...
          ╵                                 ~~~~

  The original key "type" is here:

    <stdin>:740:8803:
      740 │ ...uto",children:(0,s.jsx)(v.Z,{type:"button",variant:"default",s...
          ╵                                 ~~~~

▲ [WARNING] Duplicate key "type" in object literal [duplicate-object-key]

    <stdin>:740:9684:
      740 │ ...fy-center items-center flex",type:"button"})})]})]})}),L?(0,s....
          ╵                                 ~~~~

  The original key "type" is here:

    <stdin>:740:9026:
      740 │ ...li",{children:(0,s.jsx)(v.Z,{type:"button",variant:"default",s...
          ╵                                 ~~~~

▲ [WARNING] Using direct eval with a bundler is not recommended and may cause problems [direct-eval]

    <stdin>:3950:99582:
      3950 │ ...1];hash.fn=function(){return eval(src)}}hashes.push(hash)},i=...
           ╵                                 ~~~~

  You can read more about direct eval and bundling here: https://esbuild.github.io/link/direct-eval

▲ [WARNING] Using direct eval with a bundler is not recommended and may cause problems [direct-eval]

    <stdin>:8321:238793:
      8321 │ ....data.nm,expression_function=eval("[function _expression_func...
           ╵                                 ~~~~

  You can read more about direct eval and bundling here: https://esbuild.github.io/link/direct-eval

▲ [WARNING] Using direct eval with a bundler is not recommended and may cause problems [direct-eval]

    <stdin>:8323:176274:
      8323 │ ....data.nm,expression_function=eval("[function _expression_func...
           ╵                                 ~~~~

  You can read more about direct eval and bundling here: https://esbuild.github.io/link/direct-eval

▲ [WARNING] Using direct eval with a bundler is not recommended and may cause problems [direct-eval]

    <stdin>:8331:202158:
      8331 │ ....data.nm,expression_function=eval("[function _expression_func...
           ╵                                 ~~~~

  You can read more about direct eval and bundling here: https://esbuild.github.io/link/direct-eval

▲ [WARNING] Using direct eval with a bundler is not recommended and may cause problems [direct-eval]

    <stdin>:8333:213814:
      8333 │ ....data.nm,expression_function=eval("[function _expression_func...
           ╵                                 ~~~~

  You can read more about direct eval and bundling here: https://esbuild.github.io/link/direct-eval


⚡️ Build Summary (@cloudflare/next-on-pages v1.13.16)
⚡️
⚡️ Edge Function Routes (6)
⚡️   ┌ /api/forum/posts
⚡️   ├ /api/forum/topics
⚡️   ├ /api/forum/topics/active
⚡️   ├ /posts/[slug]
⚡️   ├ /posts/[slug]/edit
⚡️   └ /posts/new
⚡️
⚡️ Prerendered Routes (2)
⚡️   ┌ /
⚡️   └ /index.rsc
⚡️
⚡️ Other Static Assets (632)
⚡️   ┌ /_app.rsc.json
⚡️   ├ /_document.rsc.json
⚡️   ├ /_error.rsc.json
⚡️   ├ /[...slug].html
⚡️   └ ... 628 more

⚡️ Build log saved to '.vercel/output/static/_worker.js/nop-build-log.json'
⚡️ Generated '.vercel/output/static/_worker.js/index.js'.
⚡️ Build completed in 54.98s
